// Vitest Snapshot v1, https://vitest.dev/guide/snapshot.html

exports[`scenario-07-duplicate-paths > should validate 07 duplicate paths 1`] = `
{
  "errors": [
    {
      "column": 1,
      "line": 10,
      "message": "Duplicate path 'src/shared/utils.ts'",
      "severity": "error",
      "suggestion": "Already used by 'FileOne'",
    },
  ],
  "file": "scenario-07-duplicate-paths.tmd",
  "valid": false,
}
`;
