// Vitest Snapshot v1, https://vitest.dev/guide/snapshot.html

exports[`scenario-16-complete-ui-example > should validate 16 complete ui example 1`] = `
{
  "errors": [
    {
      "column": 1,
      "line": 7,
      "message": "Orphaned entity 'ComponentsFile'",
      "severity": "error",
      "suggestion": "Remove or reference this entity",
    },
    {
      "column": 1,
      "line": 10,
      "message": "Orphaned entity 'AssetsFile'",
      "severity": "error",
      "suggestion": "Remove or reference this entity",
    },
    {
      "column": 1,
      "line": 13,
      "message": "Orphaned entity 'ControllersFile'",
      "severity": "error",
      "suggestion": "Remove or reference this entity",
    },
    {
      "column": 1,
      "line": 17,
      "message": "Orphaned entity 'ModelsFile'",
      "severity": "error",
      "suggestion": "Remove or reference this entity",
    },
    {
      "column": 1,
      "line": 74,
      "message": "Method 'find' not found on class 'UserModel'",
      "severity": "error",
      "suggestion": "Available methods: findByEmail, validatePassword",
    },
    {
      "column": 1,
      "line": 27,
      "message": "UIComponent 'App' is not contained by any other UIComponent",
      "severity": "error",
      "suggestion": "Either add 'App' to another UIComponent's contains list, or mark it as a root component with &!",
    },
    {
      "column": 1,
      "line": 40,
      "message": "UIComponent 'LoginFormView' is not contained by any other UIComponent",
      "severity": "error",
      "suggestion": "Either add 'LoginFormView' to another UIComponent's contains list, or mark it as a root component with &!",
    },
  ],
  "file": "scenario-16-complete-ui-example.tmd",
  "valid": false,
}
`;
