// Vitest Snapshot v1, https://vitest.dev/guide/snapshot.html

exports[`scenario-44-classfile-mixed-entities > should handle mixed ClassFile and regular entities correctly 1`] = `
{
  "errors": [
    {
      "column": 1,
      "line": 19,
      "message": "Orphaned entity 'BaseController'",
      "severity": "error",
      "suggestion": "Remove or reference this entity",
    },
    {
      "column": 1,
      "line": 6,
      "message": "Import 'UserController' not found",
      "severity": "error",
      "suggestion": "Did you mean 'BaseController'?",
    },
    {
      "column": 1,
      "line": 19,
      "message": "Class 'BaseController' is not exported by any file",
      "severity": "error",
      "suggestion": "Add 'BaseController' to the exports of a file entity or convert to ClassFile with #: operator",
    },
    {
      "column": 1,
      "line": 33,
      "message": "Function 'DataProcessor' is not exported by any file and is not a class method",
      "severity": "error",
      "suggestion": "Either add 'DataProcessor' to the exports of a file entity or define it as a method of a class",
    },
    {
      "column": 1,
      "line": 10,
      "message": "Call to 'UserController.createUser' references unknown entity 'UserController'",
      "severity": "error",
      "suggestion": undefined,
    },
    {
      "column": 1,
      "line": 10,
      "message": "Cannot call method 'process' on Function 'DataProcessor'. Only Classes and ClassFiles can have methods",
      "severity": "error",
      "suggestion": "Either define 'DataProcessor' as a Class/ClassFile or use a different call syntax",
    },
    {
      "column": 1,
      "line": 33,
      "message": "Call to 'UserController.getUser' references unknown entity 'UserController'",
      "severity": "error",
      "suggestion": undefined,
    },
    {
      "column": 1,
      "line": 33,
      "message": "Call to 'UserRepository.findById' references unknown entity 'UserRepository'",
      "severity": "error",
      "suggestion": undefined,
    },
  ],
  "file": "scenario-44-classfile-mixed-entities.tmd",
  "valid": false,
}
`;
