// Vitest Snapshot v1, https://vitest.dev/guide/snapshot.html

exports[`scenario-23-circular-import > should validate circular import 1`] = `
{
  "errors": [
    {
      "column": 1,
      "line": 4,
      "message": "Orphaned entity 'FileA'",
      "severity": "error",
      "suggestion": "Remove or reference this entity",
    },
    {
      "column": 1,
      "line": 4,
      "message": "Orphaned entity 'FileB'",
      "severity": "error",
      "suggestion": "Remove or reference this entity",
    },
    {
      "column": 1,
      "line": 2,
      "message": "Circular import detected: /home/sammons/Desktop/backend-app-lang/lib/typed-mind-test-suite/scenarios/imports/circular/module-a.tmd -> /home/sammons/Desktop/backend-app-lang/lib/typed-mind-test-suite/scenarios/imports/circular/module-b.tmd -> /home/sammons/Desktop/backend-app-lang/lib/typed-mind-test-suite/scenarios/imports/circular/module-a.tmd",
      "severity": "error",
      "suggestion": undefined,
    },
  ],
  "file": "scenario-23-circular-import.tmd",
  "valid": false,
}
`;
