// Vitest Snapshot v1, https://vitest.dev/guide/snapshot.html

exports[`scenario-40-classfile-naming-conflict > should detect naming conflicts between File and Class entities 1`] = `
{
  "errors": [
    {
      "column": 1,
      "line": 18,
      "message": "Entity name 'UserController' is used by both a File and a Class. Consider using the #: operator for class-file fusion.",
      "severity": "error",
      "suggestion": "Replace with: UserController #: src/controllers/user.ts <: BaseClass",
    },
    {
      "column": 1,
      "line": 13,
      "message": "Entity name 'UserController' is used by both a File and a Class. Consider using the #: operator for class-file fusion.",
      "severity": "error",
      "suggestion": "Replace with: UserController #: src/controllers/user.ts <: BaseClass",
    },
    {
      "column": 1,
      "line": 21,
      "message": "Orphaned entity 'someFunction'",
      "severity": "error",
      "suggestion": "Remove or reference this entity",
    },
    {
      "column": 1,
      "line": 24,
      "message": "Orphaned entity 'BaseController'",
      "severity": "error",
      "suggestion": "Remove or reference this entity",
    },
    {
      "column": 1,
      "line": 18,
      "message": "Class 'UserController' is not exported by any file",
      "severity": "error",
      "suggestion": "Add 'UserController' to the exports of a file entity or convert to ClassFile with #: operator",
    },
    {
      "column": 1,
      "line": 21,
      "message": "Function 'someFunction' is not exported by any file and is not a class method",
      "severity": "error",
      "suggestion": "Either add 'someFunction' to the exports of a file entity or define it as a method of a class",
    },
    {
      "column": 1,
      "line": 24,
      "message": "Class 'BaseController' is not exported by any file",
      "severity": "error",
      "suggestion": "Add 'BaseController' to the exports of a file entity or convert to ClassFile with #: operator",
    },
    {
      "column": 1,
      "line": 21,
      "message": "Method 'someMethod' not found on class 'UserController'",
      "severity": "error",
      "suggestion": "Available methods: ",
    },
  ],
  "file": "scenario-40-classfile-naming-conflict.tmd",
  "valid": false,
}
`;
