// Vitest Snapshot v1, https://vitest.dev/guide/snapshot.html

exports[`scenario-42-classfile-inheritance > should handle ClassFile inheritance and implements correctly 1`] = `
{
  "errors": [
    {
      "column": 1,
      "line": 28,
      "message": "Orphaned entity 'IUserController'",
      "severity": "error",
      "suggestion": "Remove or reference this entity",
    },
    {
      "column": 1,
      "line": 31,
      "message": "Orphaned entity 'IAdminController'",
      "severity": "error",
      "suggestion": "Remove or reference this entity",
    },
    {
      "column": 1,
      "line": 34,
      "message": "Orphaned entity 'IAuditController'",
      "severity": "error",
      "suggestion": "Remove or reference this entity",
    },
    {
      "column": 1,
      "line": 6,
      "message": "Import 'UserController' not found",
      "severity": "error",
      "suggestion": "Did you mean 'IUserController'?",
    },
    {
      "column": 1,
      "line": 6,
      "message": "Import 'AdminController' not found",
      "severity": "error",
      "suggestion": "Did you mean 'IAdminController'?",
    },
    {
      "column": 1,
      "line": 28,
      "message": "Class 'IUserController' is not exported by any file",
      "severity": "error",
      "suggestion": "Add 'IUserController' to the exports of a file entity or convert to ClassFile with #: operator",
    },
    {
      "column": 1,
      "line": 31,
      "message": "Class 'IAdminController' is not exported by any file",
      "severity": "error",
      "suggestion": "Add 'IAdminController' to the exports of a file entity or convert to ClassFile with #: operator",
    },
    {
      "column": 1,
      "line": 34,
      "message": "Class 'IAuditController' is not exported by any file",
      "severity": "error",
      "suggestion": "Add 'IAuditController' to the exports of a file entity or convert to ClassFile with #: operator",
    },
    {
      "column": 1,
      "line": 10,
      "message": "Call to 'UserController.createUser' references unknown entity 'UserController'",
      "severity": "error",
      "suggestion": undefined,
    },
    {
      "column": 1,
      "line": 10,
      "message": "Call to 'AdminController.manageUsers' references unknown entity 'AdminController'",
      "severity": "error",
      "suggestion": undefined,
    },
  ],
  "file": "scenario-42-classfile-inheritance.tmd",
  "valid": false,
}
`;
