// Vitest Snapshot v1, https://vitest.dev/guide/snapshot.html

exports[`scenario-04-undefined-imports > should validate 04 undefined imports 1`] = `
{
  "errors": [
    {
      "column": 1,
      "line": 3,
      "message": "Import 'NonExistentService' not found",
      "severity": "error",
      "suggestion": undefined,
    },
    {
      "column": 1,
      "line": 3,
      "message": "Import 'MissingModule' not found",
      "severity": "error",
      "suggestion": undefined,
    },
    {
      "column": 1,
      "line": 8,
      "message": "Import 'UndefinedEntity' not found",
      "severity": "error",
      "suggestion": undefined,
    },
  ],
  "file": "scenario-04-undefined-imports.tmd",
  "valid": false,
}
`;
