// Vitest Snapshot v1, https://vitest.dev/guide/snapshot.html

exports[`scenario-39-classfile-basic > should parse ClassFile entities correctly 1`] = `
{
  "errors": [
    {
      "column": 1,
      "line": 6,
      "message": "Import 'TodoController' not found",
      "severity": "error",
      "suggestion": undefined,
    },
    {
      "column": 1,
      "line": 10,
      "message": "Call to 'TodoController.createTodo' references unknown entity 'TodoController'",
      "severity": "error",
      "suggestion": undefined,
    },
  ],
  "file": "scenario-39-classfile-basic.tmd",
  "valid": false,
}
`;
