// Vitest Snapshot v1, https://vitest.dev/guide/snapshot.html

exports[`scenario-33-electron-desktop-app > should validate Electron desktop application architecture 1`] = `
{
  "errors": [
    {
      "column": 1,
      "line": 119,
      "message": "Cannot use 'contains' to reference Asset 'FileIcons'",
      "severity": "error",
      "suggestion": "'contains' can only reference: UIComponent",
    },
    {
      "column": 1,
      "line": 155,
      "message": "Cannot use 'contains' to reference Asset 'FileIcons'",
      "severity": "error",
      "suggestion": "'contains' can only reference: UIComponent",
    },
    {
      "column": 1,
      "line": 9,
      "message": "Orphaned entity 'WindowManagerFile'",
      "severity": "error",
      "suggestion": "Remove or reference this entity",
    },
    {
      "column": 1,
      "line": 13,
      "message": "Orphaned entity 'MenuBuilderFile'",
      "severity": "error",
      "suggestion": "Remove or reference this entity",
    },
    {
      "column": 1,
      "line": 17,
      "message": "Orphaned entity 'IPCHandlerFile'",
      "severity": "error",
      "suggestion": "Remove or reference this entity",
    },
    {
      "column": 1,
      "line": 22,
      "message": "Orphaned entity 'FileSystemFile'",
      "severity": "error",
      "suggestion": "Remove or reference this entity",
    },
    {
      "column": 1,
      "line": 26,
      "message": "Orphaned entity 'GitIntegrationFile'",
      "severity": "error",
      "suggestion": "Remove or reference this entity",
    },
    {
      "column": 1,
      "line": 30,
      "message": "Orphaned entity 'TerminalServiceFile'",
      "severity": "error",
      "suggestion": "Remove or reference this entity",
    },
    {
      "column": 1,
      "line": 34,
      "message": "Orphaned entity 'PluginManagerFile'",
      "severity": "error",
      "suggestion": "Remove or reference this entity",
    },
    {
      "column": 1,
      "line": 43,
      "message": "Orphaned entity 'AppRendererFile'",
      "severity": "error",
      "suggestion": "Remove or reference this entity",
    },
    {
      "column": 1,
      "line": 52,
      "message": "Orphaned entity 'EditorComponentsFile'",
      "severity": "error",
      "suggestion": "Remove or reference this entity",
    },
    {
      "column": 1,
      "line": 57,
      "message": "Orphaned entity 'StoreRendererFile'",
      "severity": "error",
      "suggestion": "Remove or reference this entity",
    },
    {
      "column": 1,
      "line": 61,
      "message": "Orphaned entity 'EditorSliceFile'",
      "severity": "error",
      "suggestion": "Remove or reference this entity",
    },
    {
      "column": 1,
      "line": 64,
      "message": "Orphaned entity 'FileSliceFile'",
      "severity": "error",
      "suggestion": "Remove or reference this entity",
    },
    {
      "column": 1,
      "line": 67,
      "message": "Orphaned entity 'GitSliceFile'",
      "severity": "error",
      "suggestion": "Remove or reference this entity",
    },
    {
      "column": 1,
      "line": 71,
      "message": "Orphaned entity 'RendererServicesFile'",
      "severity": "error",
      "suggestion": "Remove or reference this entity",
    },
    {
      "column": 1,
      "line": 74,
      "message": "Orphaned entity 'IPCServiceFile'",
      "severity": "error",
      "suggestion": "Remove or reference this entity",
    },
    {
      "column": 1,
      "line": 79,
      "message": "Orphaned entity 'SharedFile'",
      "severity": "error",
      "suggestion": "Remove or reference this entity",
    },
    {
      "column": 1,
      "line": 84,
      "message": "Orphaned entity 'AssetsFile'",
      "severity": "error",
      "suggestion": "Remove or reference this entity",
    },
    {
      "column": 1,
      "line": 91,
      "message": "Orphaned entity 'GITHUB_TOKEN'",
      "severity": "error",
      "suggestion": "Remove or reference this entity",
    },
    {
      "column": 1,
      "line": 92,
      "message": "Orphaned entity 'UPDATE_SERVER_URL'",
      "severity": "error",
      "suggestion": "Remove or reference this entity",
    },
    {
      "column": 1,
      "line": 94,
      "message": "Orphaned entity 'ANALYTICS_ID'",
      "severity": "error",
      "suggestion": "Remove or reference this entity",
    },
    {
      "column": 1,
      "line": 97,
      "message": "Orphaned entity 'ELECTRON_VERSION'",
      "severity": "error",
      "suggestion": "Remove or reference this entity",
    },
    {
      "column": 1,
      "line": 99,
      "message": "Orphaned entity 'NODE_VERSION'",
      "severity": "error",
      "suggestion": "Remove or reference this entity",
    },
    {
      "column": 1,
      "line": 101,
      "message": "Orphaned entity 'MONACO_VERSION'",
      "severity": "error",
      "suggestion": "Remove or reference this entity",
    },
    {
      "column": 1,
      "line": 105,
      "message": "Orphaned entity 'TARGET_PLATFORM'",
      "severity": "error",
      "suggestion": "Remove or reference this entity",
    },
    {
      "column": 1,
      "line": 107,
      "message": "Orphaned entity 'CODE_SIGN_IDENTITY'",
      "severity": "error",
      "suggestion": "Remove or reference this entity",
    },
    {
      "column": 1,
      "line": 108,
      "message": "Orphaned entity 'NOTARIZE'",
      "severity": "error",
      "suggestion": "Remove or reference this entity",
    },
    {
      "column": 1,
      "line": 110,
      "message": "Orphaned entity 'AUTO_UPDATE'",
      "severity": "error",
      "suggestion": "Remove or reference this entity",
    },
    {
      "column": 1,
      "line": 5,
      "message": "Import 'app' not found",
      "severity": "error",
      "suggestion": "Did you mean 'App'?",
    },
    {
      "column": 1,
      "line": 5,
      "message": "Import 'BrowserWindow' not found",
      "severity": "error",
      "suggestion": "Did you mean 'createWindow'?",
    },
    {
      "column": 1,
      "line": 5,
      "message": "Import 'Menu' not found",
      "severity": "error",
      "suggestion": undefined,
    },
    {
      "column": 1,
      "line": 5,
      "message": "Import 'dialog' not found",
      "severity": "error",
      "suggestion": undefined,
    },
    {
      "column": 1,
      "line": 5,
      "message": "Import 'ipcMain' not found",
      "severity": "error",
      "suggestion": undefined,
    },
    {
      "column": 1,
      "line": 9,
      "message": "Import 'BrowserWindow' not found",
      "severity": "error",
      "suggestion": "Did you mean 'createWindow'?",
    },
    {
      "column": 1,
      "line": 9,
      "message": "Import 'screen' not found",
      "severity": "error",
      "suggestion": undefined,
    },
    {
      "column": 1,
      "line": 13,
      "message": "Import 'Menu' not found",
      "severity": "error",
      "suggestion": undefined,
    },
    {
      "column": 1,
      "line": 13,
      "message": "Import 'app' not found",
      "severity": "error",
      "suggestion": "Did you mean 'App'?",
    },
    {
      "column": 1,
      "line": 13,
      "message": "Import 'dialog' not found",
      "severity": "error",
      "suggestion": undefined,
    },
    {
      "column": 1,
      "line": 17,
      "message": "Import 'ipcMain' not found",
      "severity": "error",
      "suggestion": undefined,
    },
    {
      "column": 1,
      "line": 22,
      "message": "Import 'fs' not found",
      "severity": "error",
      "suggestion": undefined,
    },
    {
      "column": 1,
      "line": 22,
      "message": "Import 'path' not found",
      "severity": "error",
      "suggestion": undefined,
    },
    {
      "column": 1,
      "line": 22,
      "message": "Import 'chokidar' not found",
      "severity": "error",
      "suggestion": undefined,
    },
    {
      "column": 1,
      "line": 26,
      "message": "Import 'simpleGit' not found",
      "severity": "error",
      "suggestion": undefined,
    },
    {
      "column": 1,
      "line": 30,
      "message": "Import 'pty' not found",
      "severity": "error",
      "suggestion": undefined,
    },
    {
      "column": 1,
      "line": 34,
      "message": "Import 'pluginRegistry' not found",
      "severity": "error",
      "suggestion": undefined,
    },
    {
      "column": 1,
      "line": 39,
      "message": "Import 'store' not found",
      "severity": "error",
      "suggestion": undefined,
    },
    {
      "column": 1,
      "line": 57,
      "message": "Import 'editorSlice' not found",
      "severity": "error",
      "suggestion": "Did you mean 'EditorSliceFile'?",
    },
    {
      "column": 1,
      "line": 57,
      "message": "Import 'fileSlice' not found",
      "severity": "error",
      "suggestion": "Did you mean 'FileSliceFile'?",
    },
    {
      "column": 1,
      "line": 57,
      "message": "Import 'gitSlice' not found",
      "severity": "error",
      "suggestion": "Did you mean 'GitSliceFile'?",
    },
    {
      "column": 1,
      "line": 57,
      "message": "Import 'terminalSlice' not found",
      "severity": "error",
      "suggestion": "Did you mean 'terminalService'?",
    },
    {
      "column": 1,
      "line": 57,
      "message": "Import 'settingsSlice' not found",
      "severity": "error",
      "suggestion": undefined,
    },
    {
      "column": 1,
      "line": 74,
      "message": "Import 'ipcRenderer' not found",
      "severity": "error",
      "suggestion": undefined,
    },
    {
      "column": 1,
      "line": 5,
      "message": "Entity 'setupIPC' is exported by multiple files: MainFile, IPCHandlerFile",
      "severity": "error",
      "suggestion": "Each entity should be exported by exactly one file. Remove the duplicate exports.",
    },
    {
      "column": 1,
      "line": 71,
      "message": "Entity 'ipcService' is exported by multiple files: RendererServicesFile, IPCServiceFile",
      "severity": "error",
      "suggestion": "Each entity should be exported by exactly one file. Remove the duplicate exports.",
    },
    {
      "column": 1,
      "line": 205,
      "message": "Call to 'BrowserWindow.new' references unknown entity 'BrowserWindow'",
      "severity": "error",
      "suggestion": undefined,
    },
    {
      "column": 1,
      "line": 210,
      "message": "Call to 'BrowserWindow.new' references unknown entity 'BrowserWindow'",
      "severity": "error",
      "suggestion": undefined,
    },
    {
      "column": 1,
      "line": 34,
      "message": "Export 'loadPlugin' is not defined anywhere in the codebase",
      "severity": "error",
      "suggestion": "Define 'loadPlugin' as a Function, Class, Constants, Asset, or UIComponent entity",
    },
    {
      "column": 1,
      "line": 34,
      "message": "Export 'unloadPlugin' is not defined anywhere in the codebase",
      "severity": "error",
      "suggestion": "Define 'unloadPlugin' as a Function, Class, Constants, Asset, or UIComponent entity",
    },
    {
      "column": 1,
      "line": 57,
      "message": "Export 'store' is not defined anywhere in the codebase",
      "severity": "error",
      "suggestion": "Define 'store' as a Function, Class, Constants, Asset, or UIComponent entity",
    },
    {
      "column": 1,
      "line": 61,
      "message": "Export 'editorSlice' is not defined anywhere in the codebase",
      "severity": "error",
      "suggestion": "Define 'editorSlice' as a Function, Class, Constants, Asset, or UIComponent entity",
    },
    {
      "column": 1,
      "line": 64,
      "message": "Export 'fileSlice' is not defined anywhere in the codebase",
      "severity": "error",
      "suggestion": "Define 'fileSlice' as a Function, Class, Constants, Asset, or UIComponent entity",
    },
    {
      "column": 1,
      "line": 67,
      "message": "Export 'gitSlice' is not defined anywhere in the codebase",
      "severity": "error",
      "suggestion": "Define 'gitSlice' as a Function, Class, Constants, Asset, or UIComponent entity",
    },
    {
      "column": 1,
      "line": 67,
      "message": "Export 'updateStatus' is not defined anywhere in the codebase",
      "severity": "error",
      "suggestion": "Define 'updateStatus' as a Function, Class, Constants, Asset, or UIComponent entity",
    },
    {
      "column": 1,
      "line": 67,
      "message": "Export 'setCurrentBranch' is not defined anywhere in the codebase",
      "severity": "error",
      "suggestion": "Define 'setCurrentBranch' as a Function, Class, Constants, Asset, or UIComponent entity",
    },
    {
      "column": 1,
      "line": 205,
      "message": "Function output DTO 'BrowserWindow' not found",
      "severity": "error",
      "suggestion": "Define 'BrowserWindow' as a DTO entity",
    },
    {
      "column": 1,
      "line": 210,
      "message": "Function output DTO 'BrowserWindow' not found",
      "severity": "error",
      "suggestion": "Define 'BrowserWindow' as a DTO entity",
    },
    {
      "column": 1,
      "line": 214,
      "message": "Function output DTO 'Menu' not found",
      "severity": "error",
      "suggestion": "Define 'Menu' as a DTO entity",
    },
    {
      "column": 1,
      "line": 119,
      "message": "UIComponent 'TabBar' cannot contain 'FileIcons' (it's a Asset)",
      "severity": "error",
      "suggestion": "Only UIComponents can contain other UIComponents",
    },
    {
      "column": 1,
      "line": 155,
      "message": "UIComponent 'FileTree' cannot contain 'FileIcons' (it's a Asset)",
      "severity": "error",
      "suggestion": "Only UIComponents can contain other UIComponents",
    },
    {
      "column": 1,
      "line": 114,
      "message": "UIComponent 'App' is not contained by any other UIComponent",
      "severity": "error",
      "suggestion": "Either add 'App' to another UIComponent's contains list, or mark it as a root component with &!",
    },
  ],
  "file": "scenario-33-electron-desktop-app.tmd",
  "valid": false,
}
`;
