// Vitest Snapshot v1, https://vitest.dev/guide/snapshot.html

exports[`scenario-20-basic-import > should validate basic import 1`] = `
{
  "errors": [
    {
      "column": 1,
      "line": 2,
      "message": "Orphaned entity 'AuthFile'",
      "severity": "error",
      "suggestion": "Remove or reference this entity",
    },
  ],
  "file": "scenario-20-basic-import.tmd",
  "valid": false,
}
`;
