// Vitest Snapshot v1, https://vitest.dev/guide/snapshot.html

exports[`scenario-21-aliased-import > should validate aliased import 1`] = `
{
  "errors": [
    {
      "column": 1,
      "line": 2,
      "message": "Orphaned entity 'UI.ComponentsFile'",
      "severity": "error",
      "suggestion": "Remove or reference this entity",
    },
    {
      "column": 1,
      "line": 10,
      "message": "Orphaned entity 'UI.Input'",
      "severity": "error",
      "suggestion": "Remove or reference this entity",
    },
    {
      "column": 1,
      "line": 12,
      "message": "Orphaned entity 'UI.Modal'",
      "severity": "error",
      "suggestion": "Remove or reference this entity",
    },
    {
      "column": 1,
      "line": 2,
      "message": "Orphaned entity 'DB.DatabaseFile'",
      "severity": "error",
      "suggestion": "Remove or reference this entity",
    },
    {
      "column": 1,
      "line": 8,
      "message": "Orphaned entity 'DB.query'",
      "severity": "error",
      "suggestion": "Remove or reference this entity",
    },
    {
      "column": 1,
      "line": 5,
      "message": "Class 'DB.Connection' is not exported by any file",
      "severity": "error",
      "suggestion": "Add 'DB.Connection' to the exports of a file entity or convert to ClassFile with #: operator",
    },
    {
      "column": 1,
      "line": 8,
      "message": "Function 'DB.query' is not exported by any file and is not a class method",
      "severity": "error",
      "suggestion": "Either add 'DB.query' to the exports of a file entity or define it as a method of a class",
    },
    {
      "column": 1,
      "line": 11,
      "message": "Call to 'DB.Connection.connect' references unknown entity 'DB'",
      "severity": "error",
      "suggestion": undefined,
    },
    {
      "column": 1,
      "line": 8,
      "message": "Call to 'Connection.execute' references unknown entity 'Connection'",
      "severity": "error",
      "suggestion": undefined,
    },
    {
      "column": 1,
      "line": 2,
      "message": "Export 'Button' is not defined anywhere in the codebase",
      "severity": "error",
      "suggestion": "Define 'Button' as a Function, Class, Constants, Asset, or UIComponent entity",
    },
    {
      "column": 1,
      "line": 2,
      "message": "Export 'Form' is not defined anywhere in the codebase",
      "severity": "error",
      "suggestion": "Define 'Form' as a Function, Class, Constants, Asset, or UIComponent entity",
    },
    {
      "column": 1,
      "line": 2,
      "message": "Export 'Input' is not defined anywhere in the codebase",
      "severity": "error",
      "suggestion": "Define 'Input' as a Function, Class, Constants, Asset, or UIComponent entity",
    },
    {
      "column": 1,
      "line": 2,
      "message": "Export 'Modal' is not defined anywhere in the codebase",
      "severity": "error",
      "suggestion": "Define 'Modal' as a Function, Class, Constants, Asset, or UIComponent entity",
    },
    {
      "column": 1,
      "line": 2,
      "message": "Export 'Connection' is not defined anywhere in the codebase",
      "severity": "error",
      "suggestion": "Define 'Connection' as a Function, Class, Constants, Asset, or UIComponent entity",
    },
    {
      "column": 1,
      "line": 2,
      "message": "Export 'query' is not defined anywhere in the codebase",
      "severity": "error",
      "suggestion": "Define 'query' as a Function, Class, Constants, Asset, or UIComponent entity",
    },
    {
      "column": 1,
      "line": 7,
      "message": "UIComponent 'UI.Form' contains unknown component 'Input'",
      "severity": "error",
      "suggestion": "Define 'Input' as a UIComponent",
    },
    {
      "column": 1,
      "line": 7,
      "message": "UIComponent 'UI.Form' contains unknown component 'Button'",
      "severity": "error",
      "suggestion": "Define 'Button' as a UIComponent",
    },
    {
      "column": 1,
      "line": 12,
      "message": "UIComponent 'UI.Modal' contains unknown component 'Button'",
      "severity": "error",
      "suggestion": "Define 'Button' as a UIComponent",
    },
    {
      "column": 1,
      "line": 10,
      "message": "UIComponent 'UI.Input' is not contained by any other UIComponent",
      "severity": "error",
      "suggestion": "Either add 'UI.Input' to another UIComponent's contains list, or mark it as a root component with &!",
    },
  ],
  "file": "scenario-21-aliased-import.tmd",
  "valid": false,
}
`;
