// Vitest Snapshot v1, https://vitest.dev/guide/snapshot.html

exports[`scenario-19-uicomponent-containment > should validate 19 uicomponent containment 1`] = `
{
  "errors": [
    {
      "column": 1,
      "line": 12,
      "message": "UIComponent 'Sidebar' is not contained by any other UIComponent",
      "severity": "error",
      "suggestion": "Either add 'Sidebar' to another UIComponent's contains list, or mark it as a root component with &!",
    },
    {
      "column": 1,
      "line": 20,
      "message": "UIComponent 'OrphanedComponent' is not contained by any other UIComponent",
      "severity": "error",
      "suggestion": "Either add 'OrphanedComponent' to another UIComponent's contains list, or mark it as a root component with &!",
    },
  ],
  "file": "scenario-19-uicomponent-containment.tmd",
  "valid": false,
}
`;
