// Vitest Snapshot v1, https://vitest.dev/guide/snapshot.html

exports[`scenario-28-runparameter-invalid-consumes > should detect invalid RunParameter consumption 1`] = `
{
  "errors": [
    {
      "column": 1,
      "line": 16,
      "message": "Cannot use 'consumes' to reference Constants 'APP_CONFIG'",
      "severity": "error",
      "suggestion": "'consumes' can only reference: RunParameter",
    },
    {
      "column": 1,
      "line": 12,
      "message": "Function 'badFunction' consumes unknown parameter 'NON_EXISTENT_PARAM'",
      "severity": "error",
      "suggestion": "Define 'NON_EXISTENT_PARAM' as a RunParameter",
    },
    {
      "column": 1,
      "line": 16,
      "message": "Function 'anotherBadFunction' cannot consume 'APP_CONFIG' (it's a Constants)",
      "severity": "error",
      "suggestion": "Functions can only consume RunParameters",
    },
  ],
  "file": "scenario-28-runparameter-invalid-consumes.tmd",
  "valid": false,
}
`;
