// Vitest Snapshot v1, https://vitest.dev/guide/snapshot.html

exports[`scenario-13-asset-validation > should validate 13 asset validation 1`] = `
{
  "errors": [
    {
      "column": 1,
      "line": 6,
      "message": "Orphaned entity 'AssetsFile'",
      "severity": "error",
      "suggestion": "Remove or reference this entity",
    },
    {
      "column": 1,
      "line": 15,
      "message": "Orphaned entity 'UnexportedAsset'",
      "severity": "error",
      "suggestion": "Remove or reference this entity",
    },
  ],
  "file": "scenario-13-asset-validation.tmd",
  "valid": false,
}
`;
