// Vitest Snapshot v1, https://vitest.dev/guide/snapshot.html

exports[`scenario-17-multiple-programs > should validate 17 multiple programs 1`] = `
{
  "errors": [
    {
      "column": 1,
      "line": 3,
      "message": "Cannot use 'entry' to reference Asset 'IndexHTML'",
      "severity": "error",
      "suggestion": "'entry' can only reference: File",
    },
    {
      "column": 1,
      "line": 20,
      "message": "Orphaned entity 'AppContainer'",
      "severity": "error",
      "suggestion": "Remove or reference this entity",
    },
    {
      "column": 1,
      "line": 21,
      "message": "Orphaned entity 'Sidebar'",
      "severity": "error",
      "suggestion": "Remove or reference this entity",
    },
    {
      "column": 1,
      "line": 22,
      "message": "Orphaned entity 'GraphCanvas'",
      "severity": "error",
      "suggestion": "Remove or reference this entity",
    },
    {
      "column": 1,
      "line": 23,
      "message": "Orphaned entity 'DetailsPanel'",
      "severity": "error",
      "suggestion": "Remove or reference this entity",
    },
    {
      "column": 1,
      "line": 24,
      "message": "Orphaned entity 'ErrorPanel'",
      "severity": "error",
      "suggestion": "Remove or reference this entity",
    },
    {
      "column": 1,
      "line": 20,
      "message": "UIComponent 'AppContainer' is not contained by any other UIComponent",
      "severity": "error",
      "suggestion": "Either add 'AppContainer' to another UIComponent's contains list, or mark it as a root component with &!",
    },
    {
      "column": 1,
      "line": 21,
      "message": "UIComponent 'Sidebar' is not contained by any other UIComponent",
      "severity": "error",
      "suggestion": "Either add 'Sidebar' to another UIComponent's contains list, or mark it as a root component with &!",
    },
    {
      "column": 1,
      "line": 22,
      "message": "UIComponent 'GraphCanvas' is not contained by any other UIComponent",
      "severity": "error",
      "suggestion": "Either add 'GraphCanvas' to another UIComponent's contains list, or mark it as a root component with &!",
    },
    {
      "column": 1,
      "line": 23,
      "message": "UIComponent 'DetailsPanel' is not contained by any other UIComponent",
      "severity": "error",
      "suggestion": "Either add 'DetailsPanel' to another UIComponent's contains list, or mark it as a root component with &!",
    },
    {
      "column": 1,
      "line": 24,
      "message": "UIComponent 'ErrorPanel' is not contained by any other UIComponent",
      "severity": "error",
      "suggestion": "Either add 'ErrorPanel' to another UIComponent's contains list, or mark it as a root component with &!",
    },
  ],
  "file": "scenario-17-multiple-programs.tmd",
  "valid": false,
}
`;
