// Vitest Snapshot v1, https://vitest.dev/guide/snapshot.html

exports[`scenario-06-invalid-method-calls > should validate 06 invalid method calls 1`] = `
{
  "errors": [
    {
      "column": 1,
      "line": 9,
      "message": "Method 'update' not found on class 'UserService'",
      "severity": "error",
      "suggestion": "Available methods: create, read",
    },
    {
      "column": 1,
      "line": 9,
      "message": "Method 'delete' not found on class 'UserService'",
      "severity": "error",
      "suggestion": "Available methods: create, read",
    },
    {
      "column": 1,
      "line": 9,
      "message": "Call to 'NotAClass.method' references unknown entity 'NotAClass'",
      "severity": "error",
      "suggestion": undefined,
    },
  ],
  "file": "scenario-06-invalid-method-calls.tmd",
  "valid": false,
}
`;
