// Vitest Snapshot v1, https://vitest.dev/guide/snapshot.html

exports[`scenario-01-duplicate-export > should validate 01 duplicate export 1`] = `
{
  "errors": [
    {
      "column": 1,
      "line": 6,
      "message": "Orphaned entity 'SecondFile'",
      "severity": "error",
      "suggestion": "Remove or reference this entity",
    },
    {
      "column": 1,
      "line": 13,
      "message": "Orphaned entity 'BaseService'",
      "severity": "error",
      "suggestion": "Remove or reference this entity",
    },
    {
      "column": 1,
      "line": 13,
      "message": "Class 'BaseService' is not exported by any file",
      "severity": "error",
      "suggestion": "Add 'BaseService' to the exports of a file entity",
    },
    {
      "column": 1,
      "line": 3,
      "message": "Entity 'UserService' is exported by multiple files: MainFile, SecondFile",
      "severity": "error",
      "suggestion": "Each entity should be exported by exactly one file. Remove the duplicate exports.",
    },
  ],
  "file": "scenario-01-duplicate-export.tmd",
  "valid": false,
}
`;
