// Vitest Snapshot v1, https://vitest.dev/guide/snapshot.html

exports[`scenario-25-import-duplicate-names > should validate import duplicate names 1`] = `
{
  "errors": [
    {
      "column": 1,
      "line": 2,
      "message": "Orphaned entity 'AuthFile'",
      "severity": "error",
      "suggestion": "Remove or reference this entity",
    },
    {
      "column": 1,
      "line": 2,
      "message": "Orphaned entity 'AuthDuplicateFile'",
      "severity": "error",
      "suggestion": "Remove or reference this entity",
    },
    {
      "column": 1,
      "line": 2,
      "message": "Entity 'AuthService' is exported by multiple files: AuthFile, AuthDuplicateFile",
      "severity": "error",
      "suggestion": "Each entity should be exported by exactly one file. Remove the duplicate exports.",
    },
    {
      "column": 1,
      "line": 3,
      "message": "Duplicate entity name 'AuthService' from import",
      "severity": "error",
      "suggestion": "Use an alias to avoid naming conflicts",
    },
  ],
  "file": "scenario-25-import-duplicate-names.tmd",
  "valid": false,
}
`;
