// Vitest Snapshot v1, https://vitest.dev/guide/snapshot.html

exports[`scenario-35-video-game > should validate video game architecture 1`] = `
{
  "errors": [
    {
      "column": 1,
      "line": 294,
      "message": "Cannot use 'affects' to reference Asset 'LoadingScreen'",
      "severity": "error",
      "suggestion": "'affects' can only reference: UIComponent",
    },
    {
      "column": 1,
      "line": 301,
      "message": "Cannot use 'affects' to reference Class 'PlayerController'",
      "severity": "error",
      "suggestion": "'affects' can only reference: UIComponent",
    },
    {
      "column": 1,
      "line": 305,
      "message": "Cannot use 'affects' to reference Class 'PlayerController'",
      "severity": "error",
      "suggestion": "'affects' can only reference: UIComponent",
    },
    {
      "column": 1,
      "line": 308,
      "message": "Cannot use 'affects' to reference Class 'PlayerController'",
      "severity": "error",
      "suggestion": "'affects' can only reference: UIComponent",
    },
    {
      "column": 1,
      "line": 317,
      "message": "Cannot use 'affects' to reference Class 'PlayerController'",
      "severity": "error",
      "suggestion": "'affects' can only reference: UIComponent",
    },
    {
      "column": 1,
      "line": 326,
      "message": "Cannot use 'affects' to reference Class 'PlayerController'",
      "severity": "error",
      "suggestion": "'affects' can only reference: UIComponent",
    },
    {
      "column": 1,
      "line": 352,
      "message": "Cannot use 'affects' to reference Asset 'LoadingScreen'",
      "severity": "error",
      "suggestion": "'affects' can only reference: UIComponent",
    },
    {
      "column": 1,
      "line": 94,
      "message": "Orphaned entity 'UNITY_VERSION'",
      "severity": "error",
      "suggestion": "Remove or reference this entity",
    },
    {
      "column": 1,
      "line": 97,
      "message": "Orphaned entity 'STEAM_APP_ID'",
      "severity": "error",
      "suggestion": "Remove or reference this entity",
    },
    {
      "column": 1,
      "line": 98,
      "message": "Orphaned entity 'ANALYTICS_KEY'",
      "severity": "error",
      "suggestion": "Remove or reference this entity",
    },
    {
      "column": 1,
      "line": 99,
      "message": "Orphaned entity 'BUILD_TARGET'",
      "severity": "error",
      "suggestion": "Remove or reference this entity",
    },
    {
      "column": 1,
      "line": 103,
      "message": "Orphaned entity 'GRAPHICS_API'",
      "severity": "error",
      "suggestion": "Remove or reference this entity",
    },
    {
      "column": 1,
      "line": 105,
      "message": "Orphaned entity 'TARGET_FPS'",
      "severity": "error",
      "suggestion": "Remove or reference this entity",
    },
    {
      "column": 1,
      "line": 107,
      "message": "Orphaned entity 'PHYSICS_TIMESTEP'",
      "severity": "error",
      "suggestion": "Remove or reference this entity",
    },
    {
      "column": 1,
      "line": 111,
      "message": "Orphaned entity 'BUILD_TYPE'",
      "severity": "error",
      "suggestion": "Remove or reference this entity",
    },
    {
      "column": 1,
      "line": 113,
      "message": "Orphaned entity 'ENABLE_MULTIPLAYER'",
      "severity": "error",
      "suggestion": "Remove or reference this entity",
    },
    {
      "column": 1,
      "line": 115,
      "message": "Orphaned entity 'ENABLE_MODDING'",
      "severity": "error",
      "suggestion": "Remove or reference this entity",
    },
    {
      "column": 1,
      "line": 117,
      "message": "Orphaned entity 'MAX_PLAYERS'",
      "severity": "error",
      "suggestion": "Remove or reference this entity",
    },
    {
      "column": 1,
      "line": 405,
      "message": "Orphaned entity 'Quest'",
      "severity": "error",
      "suggestion": "Remove or reference this entity",
    },
    {
      "column": 1,
      "line": 412,
      "message": "Orphaned entity 'QuestObjective'",
      "severity": "error",
      "suggestion": "Remove or reference this entity",
    },
    {
      "column": 1,
      "line": 419,
      "message": "Orphaned entity 'QuestReward'",
      "severity": "error",
      "suggestion": "Remove or reference this entity",
    },
    {
      "column": 1,
      "line": 18,
      "message": "Import 'CharacterMovement' not found",
      "severity": "error",
      "suggestion": undefined,
    },
    {
      "column": 1,
      "line": 18,
      "message": "Import 'SkillSystem' not found",
      "severity": "error",
      "suggestion": "Did you mean 'SaveSystem'?",
    },
    {
      "column": 1,
      "line": 22,
      "message": "Import 'DamageCalculator' not found",
      "severity": "error",
      "suggestion": undefined,
    },
    {
      "column": 1,
      "line": 22,
      "message": "Import 'StatusEffects' not found",
      "severity": "error",
      "suggestion": undefined,
    },
    {
      "column": 1,
      "line": 22,
      "message": "Import 'ComboSystem' not found",
      "severity": "error",
      "suggestion": "Did you mean 'CombatSystem'?",
    },
    {
      "column": 1,
      "line": 26,
      "message": "Import 'BehaviorTree' not found",
      "severity": "error",
      "suggestion": undefined,
    },
    {
      "column": 1,
      "line": 26,
      "message": "Import 'Pathfinding' not found",
      "severity": "error",
      "suggestion": undefined,
    },
    {
      "column": 1,
      "line": 26,
      "message": "Import 'SensorSystem' not found",
      "severity": "error",
      "suggestion": "Did you mean 'InventorySystem'?",
    },
    {
      "column": 1,
      "line": 30,
      "message": "Import 'EquipmentManager' not found",
      "severity": "error",
      "suggestion": "Did you mean 'QuestManager'?",
    },
    {
      "column": 1,
      "line": 35,
      "message": "Import 'TerrainGenerator' not found",
      "severity": "error",
      "suggestion": undefined,
    },
    {
      "column": 1,
      "line": 35,
      "message": "Import 'WeatherSystem' not found",
      "severity": "error",
      "suggestion": "Did you mean 'SaveSystem'?",
    },
    {
      "column": 1,
      "line": 35,
      "message": "Import 'DayNightCycle' not found",
      "severity": "error",
      "suggestion": undefined,
    },
    {
      "column": 1,
      "line": 39,
      "message": "Import 'DialogueSystem' not found",
      "severity": "error",
      "suggestion": undefined,
    },
    {
      "column": 1,
      "line": 43,
      "message": "Import 'DialogueSystem' not found",
      "severity": "error",
      "suggestion": undefined,
    },
    {
      "column": 1,
      "line": 43,
      "message": "Import 'ShopSystem' not found",
      "severity": "error",
      "suggestion": "Did you mean 'SaveSystem'?",
    },
    {
      "column": 1,
      "line": 48,
      "message": "Import 'PhotonNetwork' not found",
      "severity": "error",
      "suggestion": undefined,
    },
    {
      "column": 1,
      "line": 48,
      "message": "Import 'MatchmakingService' not found",
      "severity": "error",
      "suggestion": undefined,
    },
    {
      "column": 1,
      "line": 52,
      "message": "Import 'PlayerSync' not found",
      "severity": "error",
      "suggestion": "Did you mean 'PlayerStats'?",
    },
    {
      "column": 1,
      "line": 52,
      "message": "Import 'WorldSync' not found",
      "severity": "error",
      "suggestion": undefined,
    },
    {
      "column": 1,
      "line": 65,
      "message": "Import 'SaveLoadMenu' not found",
      "severity": "error",
      "suggestion": undefined,
    },
    {
      "column": 1,
      "line": 70,
      "message": "Import 'MusicPlayer' not found",
      "severity": "error",
      "suggestion": undefined,
    },
    {
      "column": 1,
      "line": 70,
      "message": "Import 'SFXPlayer' not found",
      "severity": "error",
      "suggestion": "Did you mean 'MAX_PLAYERS'?",
    },
    {
      "column": 1,
      "line": 70,
      "message": "Import 'VoicePlayer' not found",
      "severity": "error",
      "suggestion": undefined,
    },
    {
      "column": 1,
      "line": 75,
      "message": "Import 'PostProcessing' not found",
      "severity": "error",
      "suggestion": undefined,
    },
    {
      "column": 1,
      "line": 75,
      "message": "Import 'LODSystem' not found",
      "severity": "error",
      "suggestion": undefined,
    },
    {
      "column": 1,
      "line": 75,
      "message": "Import 'OcclusionCulling' not found",
      "severity": "error",
      "suggestion": undefined,
    },
    {
      "column": 1,
      "line": 79,
      "message": "Import 'ParticleSystem' not found",
      "severity": "error",
      "suggestion": undefined,
    },
    {
      "column": 1,
      "line": 79,
      "message": "Import 'ShaderEffects' not found",
      "severity": "error",
      "suggestion": undefined,
    },
    {
      "column": 1,
      "line": 84,
      "message": "Import 'CloudSave' not found",
      "severity": "error",
      "suggestion": undefined,
    },
    {
      "column": 1,
      "line": 313,
      "message": "Method 'UseSkill' not found on class 'CombatSystem'",
      "severity": "error",
      "suggestion": "Available methods: DealDamage, TakeDamage, ApplyStatus, RemoveStatus",
    },
    {
      "column": 1,
      "line": 317,
      "message": "Call to 'NPCManager.InteractWithNPC' references unknown entity 'NPCManager'",
      "severity": "error",
      "suggestion": undefined,
    },
    {
      "column": 1,
      "line": 9,
      "message": "Export 'LoadScene' is not defined anywhere in the codebase",
      "severity": "error",
      "suggestion": "Define 'LoadScene' as a Function, Class, Constants, Asset, or UIComponent entity",
    },
    {
      "column": 1,
      "line": 9,
      "message": "Export 'UnloadScene' is not defined anywhere in the codebase",
      "severity": "error",
      "suggestion": "Define 'UnloadScene' as a Function, Class, Constants, Asset, or UIComponent entity",
    },
    {
      "column": 1,
      "line": 13,
      "message": "Export 'GetInput' is not defined anywhere in the codebase",
      "severity": "error",
      "suggestion": "Define 'GetInput' as a Function, Class, Constants, Asset, or UIComponent entity",
    },
    {
      "column": 1,
      "line": 13,
      "message": "Export 'RegisterAction' is not defined anywhere in the codebase",
      "severity": "error",
      "suggestion": "Define 'RegisterAction' as a Function, Class, Constants, Asset, or UIComponent entity",
    },
    {
      "column": 1,
      "line": 22,
      "message": "Export 'Defend' is not defined anywhere in the codebase",
      "severity": "error",
      "suggestion": "Define 'Defend' as a Function, Class, Constants, Asset, or UIComponent entity",
    },
    {
      "column": 1,
      "line": 26,
      "message": "Export 'EnemyAI' is not defined anywhere in the codebase",
      "severity": "error",
      "suggestion": "Define 'EnemyAI' as a Function, Class, Constants, Asset, or UIComponent entity",
    },
    {
      "column": 1,
      "line": 26,
      "message": "Export 'CompanionAI' is not defined anywhere in the codebase",
      "severity": "error",
      "suggestion": "Define 'CompanionAI' as a Function, Class, Constants, Asset, or UIComponent entity",
    },
    {
      "column": 1,
      "line": 35,
      "message": "Export 'GenerateWorld' is not defined anywhere in the codebase",
      "severity": "error",
      "suggestion": "Define 'GenerateWorld' as a Function, Class, Constants, Asset, or UIComponent entity",
    },
    {
      "column": 1,
      "line": 43,
      "message": "Export 'NPCManager' is not defined anywhere in the codebase",
      "severity": "error",
      "suggestion": "Define 'NPCManager' as a Function, Class, Constants, Asset, or UIComponent entity",
    },
    {
      "column": 1,
      "line": 43,
      "message": "Export 'SpawnNPC' is not defined anywhere in the codebase",
      "severity": "error",
      "suggestion": "Define 'SpawnNPC' as a Function, Class, Constants, Asset, or UIComponent entity",
    },
    {
      "column": 1,
      "line": 43,
      "message": "Export 'InteractWithNPC' is not defined anywhere in the codebase",
      "severity": "error",
      "suggestion": "Define 'InteractWithNPC' as a Function, Class, Constants, Asset, or UIComponent entity",
    },
    {
      "column": 1,
      "line": 48,
      "message": "Export 'ConnectToServer' is not defined anywhere in the codebase",
      "severity": "error",
      "suggestion": "Define 'ConnectToServer' as a Function, Class, Constants, Asset, or UIComponent entity",
    },
    {
      "column": 1,
      "line": 52,
      "message": "Export 'MultiplayerSync' is not defined anywhere in the codebase",
      "severity": "error",
      "suggestion": "Define 'MultiplayerSync' as a Function, Class, Constants, Asset, or UIComponent entity",
    },
    {
      "column": 1,
      "line": 52,
      "message": "Export 'SyncPosition' is not defined anywhere in the codebase",
      "severity": "error",
      "suggestion": "Define 'SyncPosition' as a Function, Class, Constants, Asset, or UIComponent entity",
    },
    {
      "column": 1,
      "line": 52,
      "message": "Export 'SyncState' is not defined anywhere in the codebase",
      "severity": "error",
      "suggestion": "Define 'SyncState' as a Function, Class, Constants, Asset, or UIComponent entity",
    },
    {
      "column": 1,
      "line": 57,
      "message": "Export 'ShowUI' is not defined anywhere in the codebase",
      "severity": "error",
      "suggestion": "Define 'ShowUI' as a Function, Class, Constants, Asset, or UIComponent entity",
    },
    {
      "column": 1,
      "line": 57,
      "message": "Export 'HideUI' is not defined anywhere in the codebase",
      "severity": "error",
      "suggestion": "Define 'HideUI' as a Function, Class, Constants, Asset, or UIComponent entity",
    },
    {
      "column": 1,
      "line": 61,
      "message": "Export 'UpdateHealth' is not defined anywhere in the codebase",
      "severity": "error",
      "suggestion": "Define 'UpdateHealth' as a Function, Class, Constants, Asset, or UIComponent entity",
    },
    {
      "column": 1,
      "line": 61,
      "message": "Export 'UpdateMana' is not defined anywhere in the codebase",
      "severity": "error",
      "suggestion": "Define 'UpdateMana' as a Function, Class, Constants, Asset, or UIComponent entity",
    },
    {
      "column": 1,
      "line": 65,
      "message": "Export 'MenuSystem' is not defined anywhere in the codebase",
      "severity": "error",
      "suggestion": "Define 'MenuSystem' as a Function, Class, Constants, Asset, or UIComponent entity",
    },
    {
      "column": 1,
      "line": 65,
      "message": "Export 'OpenMenu' is not defined anywhere in the codebase",
      "severity": "error",
      "suggestion": "Define 'OpenMenu' as a Function, Class, Constants, Asset, or UIComponent entity",
    },
    {
      "column": 1,
      "line": 65,
      "message": "Export 'CloseMenu' is not defined anywhere in the codebase",
      "severity": "error",
      "suggestion": "Define 'CloseMenu' as a Function, Class, Constants, Asset, or UIComponent entity",
    },
    {
      "column": 1,
      "line": 70,
      "message": "Export 'PlayMusic' is not defined anywhere in the codebase",
      "severity": "error",
      "suggestion": "Define 'PlayMusic' as a Function, Class, Constants, Asset, or UIComponent entity",
    },
    {
      "column": 1,
      "line": 70,
      "message": "Export 'PlaySFX' is not defined anywhere in the codebase",
      "severity": "error",
      "suggestion": "Define 'PlaySFX' as a Function, Class, Constants, Asset, or UIComponent entity",
    },
    {
      "column": 1,
      "line": 70,
      "message": "Export 'PlayVoice' is not defined anywhere in the codebase",
      "severity": "error",
      "suggestion": "Define 'PlayVoice' as a Function, Class, Constants, Asset, or UIComponent entity",
    },
    {
      "column": 1,
      "line": 75,
      "message": "Export 'SetQuality' is not defined anywhere in the codebase",
      "severity": "error",
      "suggestion": "Define 'SetQuality' as a Function, Class, Constants, Asset, or UIComponent entity",
    },
    {
      "column": 1,
      "line": 75,
      "message": "Export 'UpdateSettings' is not defined anywhere in the codebase",
      "severity": "error",
      "suggestion": "Define 'UpdateSettings' as a Function, Class, Constants, Asset, or UIComponent entity",
    },
    {
      "column": 1,
      "line": 79,
      "message": "Export 'PlayEffect' is not defined anywhere in the codebase",
      "severity": "error",
      "suggestion": "Define 'PlayEffect' as a Function, Class, Constants, Asset, or UIComponent entity",
    },
    {
      "column": 1,
      "line": 79,
      "message": "Export 'StopEffect' is not defined anywhere in the codebase",
      "severity": "error",
      "suggestion": "Define 'StopEffect' as a Function, Class, Constants, Asset, or UIComponent entity",
    },
    {
      "column": 1,
      "line": 84,
      "message": "Export 'DeleteSave' is not defined anywhere in the codebase",
      "severity": "error",
      "suggestion": "Define 'DeleteSave' as a Function, Class, Constants, Asset, or UIComponent entity",
    },
    {
      "column": 1,
      "line": 89,
      "message": "Export 'LoadAsset' is not defined anywhere in the codebase",
      "severity": "error",
      "suggestion": "Define 'LoadAsset' as a Function, Class, Constants, Asset, or UIComponent entity",
    },
    {
      "column": 1,
      "line": 89,
      "message": "Export 'UnloadAsset' is not defined anywhere in the codebase",
      "severity": "error",
      "suggestion": "Define 'UnloadAsset' as a Function, Class, Constants, Asset, or UIComponent entity",
    },
    {
      "column": 1,
      "line": 294,
      "message": "Function 'StartGame' cannot affect 'LoadingScreen' (it's a Asset)",
      "severity": "error",
      "suggestion": "Functions can only affect UIComponents",
    },
    {
      "column": 1,
      "line": 301,
      "message": "Function 'Move' cannot affect 'PlayerController' (it's a Class)",
      "severity": "error",
      "suggestion": "Functions can only affect UIComponents",
    },
    {
      "column": 1,
      "line": 305,
      "message": "Function 'Jump' cannot affect 'PlayerController' (it's a Class)",
      "severity": "error",
      "suggestion": "Functions can only affect UIComponents",
    },
    {
      "column": 1,
      "line": 308,
      "message": "Function 'Attack' cannot affect 'PlayerController' (it's a Class)",
      "severity": "error",
      "suggestion": "Functions can only affect UIComponents",
    },
    {
      "column": 1,
      "line": 317,
      "message": "Function 'Interact' cannot affect 'PlayerController' (it's a Class)",
      "severity": "error",
      "suggestion": "Functions can only affect UIComponents",
    },
    {
      "column": 1,
      "line": 326,
      "message": "Function 'TakeDamage' cannot affect 'PlayerController' (it's a Class)",
      "severity": "error",
      "suggestion": "Functions can only affect UIComponents",
    },
    {
      "column": 1,
      "line": 352,
      "message": "Function 'LoadGame' cannot affect 'LoadingScreen' (it's a Asset)",
      "severity": "error",
      "suggestion": "Functions can only affect UIComponents",
    },
    {
      "column": 1,
      "line": 121,
      "message": "UIComponent 'MainMenu' is not contained by any other UIComponent",
      "severity": "error",
      "suggestion": "Either add 'MainMenu' to another UIComponent's contains list, or mark it as a root component with &!",
    },
    {
      "column": 1,
      "line": 126,
      "message": "UIComponent 'HUD' is not contained by any other UIComponent",
      "severity": "error",
      "suggestion": "Either add 'HUD' to another UIComponent's contains list, or mark it as a root component with &!",
    },
    {
      "column": 1,
      "line": 131,
      "message": "UIComponent 'PauseMenu' is not contained by any other UIComponent",
      "severity": "error",
      "suggestion": "Either add 'PauseMenu' to another UIComponent's contains list, or mark it as a root component with &!",
    },
    {
      "column": 1,
      "line": 134,
      "message": "UIComponent 'InventoryUI' is not contained by any other UIComponent",
      "severity": "error",
      "suggestion": "Either add 'InventoryUI' to another UIComponent's contains list, or mark it as a root component with &!",
    },
    {
      "column": 1,
      "line": 137,
      "message": "UIComponent 'QuestLog' is not contained by any other UIComponent",
      "severity": "error",
      "suggestion": "Either add 'QuestLog' to another UIComponent's contains list, or mark it as a root component with &!",
    },
    {
      "column": 1,
      "line": 140,
      "message": "UIComponent 'CharacterCreation' is not contained by any other UIComponent",
      "severity": "error",
      "suggestion": "Either add 'CharacterCreation' to another UIComponent's contains list, or mark it as a root component with &!",
    },
    {
      "column": 1,
      "line": 143,
      "message": "UIComponent 'SettingsMenu' is not contained by any other UIComponent",
      "severity": "error",
      "suggestion": "Either add 'SettingsMenu' to another UIComponent's contains list, or mark it as a root component with &!",
    },
  ],
  "file": "scenario-35-video-game.tmd",
  "valid": false,
}
`;
