// Vitest Snapshot v1, https://vitest.dev/guide/snapshot.html

exports[`scenario-36-static-website > should validate static website with build pipeline architecture 1`] = `
{
  "errors": [
    {
      "column": 1,
      "line": 10,
      "message": "Orphaned entity 'GulpTasksFile'",
      "severity": "error",
      "suggestion": "Remove or reference this entity",
    },
    {
      "column": 1,
      "line": 14,
      "message": "Orphaned entity 'WebpackConfigFile'",
      "severity": "error",
      "suggestion": "Remove or reference this entity",
    },
    {
      "column": 1,
      "line": 19,
      "message": "Orphaned entity 'MarkdownProcessorFile'",
      "severity": "error",
      "suggestion": "Remove or reference this entity",
    },
    {
      "column": 1,
      "line": 23,
      "message": "Orphaned entity 'TemplateEngineFile'",
      "severity": "error",
      "suggestion": "Remove or reference this entity",
    },
    {
      "column": 1,
      "line": 28,
      "message": "Orphaned entity 'AssetPipelineFile'",
      "severity": "error",
      "suggestion": "Remove or reference this entity",
    },
    {
      "column": 1,
      "line": 32,
      "message": "Orphaned entity 'StyleProcessorFile'",
      "severity": "error",
      "suggestion": "Remove or reference this entity",
    },
    {
      "column": 1,
      "line": 36,
      "message": "Orphaned entity 'ScriptBundlerFile'",
      "severity": "error",
      "suggestion": "Remove or reference this entity",
    },
    {
      "column": 1,
      "line": 41,
      "message": "Orphaned entity 'GeneratorFile'",
      "severity": "error",
      "suggestion": "Remove or reference this entity",
    },
    {
      "column": 1,
      "line": 45,
      "message": "Orphaned entity 'ContentLoaderFile'",
      "severity": "error",
      "suggestion": "Remove or reference this entity",
    },
    {
      "column": 1,
      "line": 49,
      "message": "Orphaned entity 'PageBuilderFile'",
      "severity": "error",
      "suggestion": "Remove or reference this entity",
    },
    {
      "column": 1,
      "line": 53,
      "message": "Orphaned entity 'NavigationBuilderFile'",
      "severity": "error",
      "suggestion": "Remove or reference this entity",
    },
    {
      "column": 1,
      "line": 57,
      "message": "Orphaned entity 'SearchIndexFile'",
      "severity": "error",
      "suggestion": "Remove or reference this entity",
    },
    {
      "column": 1,
      "line": 62,
      "message": "Orphaned entity 'DevServerFile'",
      "severity": "error",
      "suggestion": "Remove or reference this entity",
    },
    {
      "column": 1,
      "line": 67,
      "message": "Orphaned entity 'DeploymentFile'",
      "severity": "error",
      "suggestion": "Remove or reference this entity",
    },
    {
      "column": 1,
      "line": 72,
      "message": "Orphaned entity 'ContentFile'",
      "severity": "error",
      "suggestion": "Remove or reference this entity",
    },
    {
      "column": 1,
      "line": 75,
      "message": "Orphaned entity 'DocsFile'",
      "severity": "error",
      "suggestion": "Remove or reference this entity",
    },
    {
      "column": 1,
      "line": 78,
      "message": "Orphaned entity 'BlogFile'",
      "severity": "error",
      "suggestion": "Remove or reference this entity",
    },
    {
      "column": 1,
      "line": 82,
      "message": "Orphaned entity 'LayoutsFile'",
      "severity": "error",
      "suggestion": "Remove or reference this entity",
    },
    {
      "column": 1,
      "line": 85,
      "message": "Orphaned entity 'PartialsFile'",
      "severity": "error",
      "suggestion": "Remove or reference this entity",
    },
    {
      "column": 1,
      "line": 89,
      "message": "Orphaned entity 'MainStyleFile'",
      "severity": "error",
      "suggestion": "Remove or reference this entity",
    },
    {
      "column": 1,
      "line": 94,
      "message": "Orphaned entity 'MainScriptFile'",
      "severity": "error",
      "suggestion": "Remove or reference this entity",
    },
    {
      "column": 1,
      "line": 99,
      "message": "Orphaned entity 'ConfigFile'",
      "severity": "error",
      "suggestion": "Remove or reference this entity",
    },
    {
      "column": 1,
      "line": 103,
      "message": "Orphaned entity 'AssetsFile'",
      "severity": "error",
      "suggestion": "Remove or reference this entity",
    },
    {
      "column": 1,
      "line": 110,
      "message": "Orphaned entity 'API_ENDPOINT'",
      "severity": "error",
      "suggestion": "Remove or reference this entity",
    },
    {
      "column": 1,
      "line": 112,
      "message": "Orphaned entity 'ANALYTICS_ID'",
      "severity": "error",
      "suggestion": "Remove or reference this entity",
    },
    {
      "column": 1,
      "line": 117,
      "message": "Orphaned entity 'SOURCE_DIR'",
      "severity": "error",
      "suggestion": "Remove or reference this entity",
    },
    {
      "column": 1,
      "line": 130,
      "message": "Orphaned entity 'NETLIFY_SITE_ID'",
      "severity": "error",
      "suggestion": "Remove or reference this entity",
    },
    {
      "column": 1,
      "line": 131,
      "message": "Orphaned entity 'GH_PAGES_BRANCH'",
      "severity": "error",
      "suggestion": "Remove or reference this entity",
    },
    {
      "column": 1,
      "line": 135,
      "message": "Orphaned entity 'NODE_VERSION'",
      "severity": "error",
      "suggestion": "Remove or reference this entity",
    },
    {
      "column": 1,
      "line": 137,
      "message": "Orphaned entity 'NPM_VERSION'",
      "severity": "error",
      "suggestion": "Remove or reference this entity",
    },
    {
      "column": 1,
      "line": 141,
      "message": "Orphaned entity 'HomePage'",
      "severity": "error",
      "suggestion": "Remove or reference this entity",
    },
    {
      "column": 1,
      "line": 145,
      "message": "Orphaned entity 'DocumentationPage'",
      "severity": "error",
      "suggestion": "Remove or reference this entity",
    },
    {
      "column": 1,
      "line": 149,
      "message": "Orphaned entity 'BlogPostPage'",
      "severity": "error",
      "suggestion": "Remove or reference this entity",
    },
    {
      "column": 1,
      "line": 153,
      "message": "Orphaned entity 'SearchPage'",
      "severity": "error",
      "suggestion": "Remove or reference this entity",
    },
    {
      "column": 1,
      "line": 385,
      "message": "Orphaned entity 'NavItem'",
      "severity": "error",
      "suggestion": "Remove or reference this entity",
    },
    {
      "column": 1,
      "line": 390,
      "message": "Orphaned entity 'Breadcrumb'",
      "severity": "error",
      "suggestion": "Remove or reference this entity",
    },
    {
      "column": 1,
      "line": 394,
      "message": "Orphaned entity 'TOCEntry'",
      "severity": "error",
      "suggestion": "Remove or reference this entity",
    },
    {
      "column": 1,
      "line": 403,
      "message": "Orphaned entity 'SearchDocument'",
      "severity": "error",
      "suggestion": "Remove or reference this entity",
    },
    {
      "column": 1,
      "line": 409,
      "message": "Orphaned entity 'SiteConfig'",
      "severity": "error",
      "suggestion": "Remove or reference this entity",
    },
    {
      "column": 1,
      "line": 10,
      "message": "Import 'htmlTask' not found",
      "severity": "error",
      "suggestion": undefined,
    },
    {
      "column": 1,
      "line": 10,
      "message": "Import 'cssTask' not found",
      "severity": "error",
      "suggestion": undefined,
    },
    {
      "column": 1,
      "line": 10,
      "message": "Import 'jsTask' not found",
      "severity": "error",
      "suggestion": undefined,
    },
    {
      "column": 1,
      "line": 10,
      "message": "Import 'imageTask' not found",
      "severity": "error",
      "suggestion": undefined,
    },
    {
      "column": 1,
      "line": 10,
      "message": "Import 'copyTask' not found",
      "severity": "error",
      "suggestion": undefined,
    },
    {
      "column": 1,
      "line": 14,
      "message": "Import 'babelLoader' not found",
      "severity": "error",
      "suggestion": undefined,
    },
    {
      "column": 1,
      "line": 14,
      "message": "Import 'tsLoader' not found",
      "severity": "error",
      "suggestion": undefined,
    },
    {
      "column": 1,
      "line": 14,
      "message": "Import 'cssLoader' not found",
      "severity": "error",
      "suggestion": undefined,
    },
    {
      "column": 1,
      "line": 19,
      "message": "Import 'frontMatter' not found",
      "severity": "error",
      "suggestion": undefined,
    },
    {
      "column": 1,
      "line": 19,
      "message": "Import 'highlightJs' not found",
      "severity": "error",
      "suggestion": undefined,
    },
    {
      "column": 1,
      "line": 23,
      "message": "Import 'handlebars' not found",
      "severity": "error",
      "suggestion": undefined,
    },
    {
      "column": 1,
      "line": 28,
      "message": "Import 'imageOptimizer' not found",
      "severity": "error",
      "suggestion": undefined,
    },
    {
      "column": 1,
      "line": 28,
      "message": "Import 'svgOptimizer' not found",
      "severity": "error",
      "suggestion": undefined,
    },
    {
      "column": 1,
      "line": 28,
      "message": "Import 'fontProcessor' not found",
      "severity": "error",
      "suggestion": undefined,
    },
    {
      "column": 1,
      "line": 32,
      "message": "Import 'autoprefixer' not found",
      "severity": "error",
      "suggestion": undefined,
    },
    {
      "column": 1,
      "line": 32,
      "message": "Import 'cssnano' not found",
      "severity": "error",
      "suggestion": undefined,
    },
    {
      "column": 1,
      "line": 36,
      "message": "Import 'babel' not found",
      "severity": "error",
      "suggestion": undefined,
    },
    {
      "column": 1,
      "line": 36,
      "message": "Import 'terser' not found",
      "severity": "error",
      "suggestion": undefined,
    },
    {
      "column": 1,
      "line": 41,
      "message": "Import 'siteConfig' not found",
      "severity": "error",
      "suggestion": "Did you mean 'SiteConfig'?",
    },
    {
      "column": 1,
      "line": 41,
      "message": "Import 'contentLoader' not found",
      "severity": "error",
      "suggestion": "Did you mean 'ContentLoaderFile'?",
    },
    {
      "column": 1,
      "line": 41,
      "message": "Import 'pageBuilder' not found",
      "severity": "error",
      "suggestion": "Did you mean 'PageBuilderFile'?",
    },
    {
      "column": 1,
      "line": 45,
      "message": "Import 'glob' not found",
      "severity": "error",
      "suggestion": undefined,
    },
    {
      "column": 1,
      "line": 45,
      "message": "Import 'grayMatter' not found",
      "severity": "error",
      "suggestion": undefined,
    },
    {
      "column": 1,
      "line": 49,
      "message": "Import 'templateEngine' not found",
      "severity": "error",
      "suggestion": "Did you mean 'TemplateEngineFile'?",
    },
    {
      "column": 1,
      "line": 49,
      "message": "Import 'markdownProcessor' not found",
      "severity": "error",
      "suggestion": "Did you mean 'MarkdownProcessorFile'?",
    },
    {
      "column": 1,
      "line": 53,
      "message": "Import 'contentTree' not found",
      "severity": "error",
      "suggestion": "Did you mean 'ContentArea'?",
    },
    {
      "column": 1,
      "line": 57,
      "message": "Import 'lunr' not found",
      "severity": "error",
      "suggestion": undefined,
    },
    {
      "column": 1,
      "line": 57,
      "message": "Import 'elasticlunr' not found",
      "severity": "error",
      "suggestion": undefined,
    },
    {
      "column": 1,
      "line": 62,
      "message": "Import 'chokidar' not found",
      "severity": "error",
      "suggestion": undefined,
    },
    {
      "column": 1,
      "line": 67,
      "message": "Import 's3Deploy' not found",
      "severity": "error",
      "suggestion": "Did you mean 'deploy'?",
    },
    {
      "column": 1,
      "line": 67,
      "message": "Import 'netlifyDeploy' not found",
      "severity": "error",
      "suggestion": undefined,
    },
    {
      "column": 1,
      "line": 67,
      "message": "Import 'ghPagesPublish' not found",
      "severity": "error",
      "suggestion": undefined,
    },
    {
      "column": 1,
      "line": 89,
      "message": "Import 'variables' not found",
      "severity": "error",
      "suggestion": undefined,
    },
    {
      "column": 1,
      "line": 89,
      "message": "Import 'mixins' not found",
      "severity": "error",
      "suggestion": undefined,
    },
    {
      "column": 1,
      "line": 89,
      "message": "Import 'base' not found",
      "severity": "error",
      "suggestion": undefined,
    },
    {
      "column": 1,
      "line": 89,
      "message": "Import 'components' not found",
      "severity": "error",
      "suggestion": undefined,
    },
    {
      "column": 1,
      "line": 94,
      "message": "Import 'search' not found",
      "severity": "error",
      "suggestion": "Did you mean 'SearchBar'?",
    },
    {
      "column": 1,
      "line": 94,
      "message": "Import 'navigation' not found",
      "severity": "error",
      "suggestion": "Did you mean 'Navigation'?",
    },
    {
      "column": 1,
      "line": 94,
      "message": "Import 'codeHighlight' not found",
      "severity": "error",
      "suggestion": undefined,
    },
    {
      "column": 1,
      "line": 262,
      "message": "Class 'gulp' is not exported by any file",
      "severity": "error",
      "suggestion": "Add 'gulp' to the exports of a file entity",
    },
    {
      "column": 1,
      "line": 265,
      "message": "Class 'webpack' is not exported by any file",
      "severity": "error",
      "suggestion": "Add 'webpack' to the exports of a file entity",
    },
    {
      "column": 1,
      "line": 268,
      "message": "Class 'sass' is not exported by any file",
      "severity": "error",
      "suggestion": "Add 'sass' to the exports of a file entity",
    },
    {
      "column": 1,
      "line": 271,
      "message": "Class 'postcss' is not exported by any file",
      "severity": "error",
      "suggestion": "Add 'postcss' to the exports of a file entity",
    },
    {
      "column": 1,
      "line": 274,
      "message": "Class 'markdownIt' is not exported by any file",
      "severity": "error",
      "suggestion": "Add 'markdownIt' to the exports of a file entity",
    },
    {
      "column": 1,
      "line": 277,
      "message": "Class 'nunjucks' is not exported by any file",
      "severity": "error",
      "suggestion": "Add 'nunjucks' to the exports of a file entity",
    },
    {
      "column": 1,
      "line": 280,
      "message": "Class 'browserSync' is not exported by any file",
      "severity": "error",
      "suggestion": "Add 'browserSync' to the exports of a file entity",
    },
    {
      "column": 1,
      "line": 354,
      "message": "Function 'clean' is not exported by any file and is not a class method",
      "severity": "error",
      "suggestion": "Either add 'clean' to the exports of a file entity or define it as a method of a class",
    },
    {
      "column": 1,
      "line": 319,
      "message": "Call to 'imageOptimizer.optimize' references unknown entity 'imageOptimizer'",
      "severity": "error",
      "suggestion": undefined,
    },
    {
      "column": 1,
      "line": 350,
      "message": "Call to 's3Deploy.upload' references unknown entity 's3Deploy'",
      "severity": "error",
      "suggestion": undefined,
    },
    {
      "column": 1,
      "line": 14,
      "message": "Export 'webpackConfig' is not defined anywhere in the codebase",
      "severity": "error",
      "suggestion": "Define 'webpackConfig' as a Function, Class, Constants, Asset, or UIComponent entity",
    },
    {
      "column": 1,
      "line": 23,
      "message": "Export 'registerHelpers' is not defined anywhere in the codebase",
      "severity": "error",
      "suggestion": "Define 'registerHelpers' as a Function, Class, Constants, Asset, or UIComponent entity",
    },
    {
      "column": 1,
      "line": 28,
      "message": "Export 'processAssets' is not defined anywhere in the codebase",
      "severity": "error",
      "suggestion": "Define 'processAssets' as a Function, Class, Constants, Asset, or UIComponent entity",
    },
    {
      "column": 1,
      "line": 36,
      "message": "Export 'transpileJS' is not defined anywhere in the codebase",
      "severity": "error",
      "suggestion": "Define 'transpileJS' as a Function, Class, Constants, Asset, or UIComponent entity",
    },
    {
      "column": 1,
      "line": 45,
      "message": "Export 'loadContent' is not defined anywhere in the codebase",
      "severity": "error",
      "suggestion": "Define 'loadContent' as a Function, Class, Constants, Asset, or UIComponent entity",
    },
    {
      "column": 1,
      "line": 45,
      "message": "Export 'loadData' is not defined anywhere in the codebase",
      "severity": "error",
      "suggestion": "Define 'loadData' as a Function, Class, Constants, Asset, or UIComponent entity",
    },
    {
      "column": 1,
      "line": 45,
      "message": "Export 'loadPartials' is not defined anywhere in the codebase",
      "severity": "error",
      "suggestion": "Define 'loadPartials' as a Function, Class, Constants, Asset, or UIComponent entity",
    },
    {
      "column": 1,
      "line": 49,
      "message": "Export 'buildPage' is not defined anywhere in the codebase",
      "severity": "error",
      "suggestion": "Define 'buildPage' as a Function, Class, Constants, Asset, or UIComponent entity",
    },
    {
      "column": 1,
      "line": 49,
      "message": "Export 'buildIndex' is not defined anywhere in the codebase",
      "severity": "error",
      "suggestion": "Define 'buildIndex' as a Function, Class, Constants, Asset, or UIComponent entity",
    },
    {
      "column": 1,
      "line": 49,
      "message": "Export 'buildSitemap' is not defined anywhere in the codebase",
      "severity": "error",
      "suggestion": "Define 'buildSitemap' as a Function, Class, Constants, Asset, or UIComponent entity",
    },
    {
      "column": 1,
      "line": 57,
      "message": "Export 'indexContent' is not defined anywhere in the codebase",
      "severity": "error",
      "suggestion": "Define 'indexContent' as a Function, Class, Constants, Asset, or UIComponent entity",
    },
    {
      "column": 1,
      "line": 62,
      "message": "Export 'reloadBrowser' is not defined anywhere in the codebase",
      "severity": "error",
      "suggestion": "Define 'reloadBrowser' as a Function, Class, Constants, Asset, or UIComponent entity",
    },
    {
      "column": 1,
      "line": 67,
      "message": "Export 'validateBuild' is not defined anywhere in the codebase",
      "severity": "error",
      "suggestion": "Define 'validateBuild' as a Function, Class, Constants, Asset, or UIComponent entity",
    },
    {
      "column": 1,
      "line": 99,
      "message": "Export 'siteConfig' is not defined anywhere in the codebase",
      "severity": "error",
      "suggestion": "Define 'siteConfig' as a Function, Class, Constants, Asset, or UIComponent entity",
    },
    {
      "column": 1,
      "line": 141,
      "message": "UIComponent 'HomePage' is not contained by any other UIComponent",
      "severity": "error",
      "suggestion": "Either add 'HomePage' to another UIComponent's contains list, or mark it as a root component with &!",
    },
    {
      "column": 1,
      "line": 145,
      "message": "UIComponent 'DocumentationPage' is not contained by any other UIComponent",
      "severity": "error",
      "suggestion": "Either add 'DocumentationPage' to another UIComponent's contains list, or mark it as a root component with &!",
    },
    {
      "column": 1,
      "line": 149,
      "message": "UIComponent 'BlogPostPage' is not contained by any other UIComponent",
      "severity": "error",
      "suggestion": "Either add 'BlogPostPage' to another UIComponent's contains list, or mark it as a root component with &!",
    },
    {
      "column": 1,
      "line": 153,
      "message": "UIComponent 'SearchPage' is not contained by any other UIComponent",
      "severity": "error",
      "suggestion": "Either add 'SearchPage' to another UIComponent's contains list, or mark it as a root component with &!",
    },
  ],
  "file": "scenario-36-static-website.tmd",
  "valid": false,
}
`;
