// Vitest Snapshot v1, https://vitest.dev/guide/snapshot.html

exports[`Scenario 45: Function Undefined Input/Output DTOs > should detect functions with undefined input/output DTOs 1`] = `
[
  {
    "message": "Function input DTO 'UserInput' not found",
    "position": {
      "column": 1,
      "line": 8,
    },
    "severity": "error",
    "suggestion": "Define 'UserInput' as a DTO entity",
  },
  {
    "message": "Function output DTO 'ValidationResult' not found",
    "position": {
      "column": 1,
      "line": 13,
    },
    "severity": "error",
    "suggestion": "Define 'ValidationResult' as a DTO entity",
  },
  {
    "message": "Function input DTO 'TransformInput' not found",
    "position": {
      "column": 1,
      "line": 17,
    },
    "severity": "error",
    "suggestion": "Define 'TransformInput' as a DTO entity",
  },
  {
    "message": "Function output DTO 'TransformOutput' not found",
    "position": {
      "column": 1,
      "line": 17,
    },
    "severity": "error",
    "suggestion": "Define 'TransformOutput' as a DTO entity",
  },
]
`;
