// Vitest Snapshot v1, https://vitest.dev/guide/snapshot.html

exports[`scenario-11-class-export-validation > should validate 11 class export validation 1`] = `
{
  "errors": [
    {
      "column": 1,
      "line": 7,
      "message": "Orphaned entity 'UnexportedClass'",
      "severity": "error",
      "suggestion": "Remove or reference this entity",
    },
    {
      "column": 1,
      "line": 10,
      "message": "Orphaned entity 'unexportedFunction'",
      "severity": "error",
      "suggestion": "Remove or reference this entity",
    },
    {
      "column": 1,
      "line": 7,
      "message": "Class 'UnexportedClass' is not exported by any file",
      "severity": "error",
      "suggestion": "Add 'UnexportedClass' to the exports of a file entity",
    },
    {
      "column": 1,
      "line": 10,
      "message": "Function 'unexportedFunction' is not exported by any file and is not a class method",
      "severity": "error",
      "suggestion": "Either add 'unexportedFunction' to the exports of a file entity or define it as a method of a class",
    },
  ],
  "file": "scenario-11-class-export-validation.tmd",
  "valid": false,
}
`;
