// Vitest Snapshot v1, https://vitest.dev/guide/snapshot.html

exports[`scenario-09-no-program > should validate 09 no program 1`] = `
{
  "errors": [
    {
      "column": 1,
      "line": 3,
      "message": "Orphaned entity 'MainFile'",
      "severity": "error",
      "suggestion": "Remove or reference this entity",
    },
    {
      "column": 1,
      "line": 1,
      "message": "No program entry point defined",
      "severity": "error",
      "suggestion": "Add a Program entity: AppName -> EntryFile",
    },
  ],
  "file": "scenario-09-no-program.tmd",
  "valid": false,
}
`;
