// Vitest Snapshot v1, https://vitest.dev/guide/snapshot.html

exports[`scenario-34-cli-tool > should validate CLI tool architecture 1`] = `
{
  "errors": [
    {
      "column": 1,
      "line": 35,
      "message": "Orphaned entity 'TasksFile'",
      "severity": "error",
      "suggestion": "Remove or reference this entity",
    },
    {
      "column": 1,
      "line": 40,
      "message": "Orphaned entity 'PluginsFile'",
      "severity": "error",
      "suggestion": "Remove or reference this entity",
    },
    {
      "column": 1,
      "line": 57,
      "message": "Orphaned entity 'UtilsFile'",
      "severity": "error",
      "suggestion": "Remove or reference this entity",
    },
    {
      "column": 1,
      "line": 74,
      "message": "Orphaned entity 'WorkerPoolFile'",
      "severity": "error",
      "suggestion": "Remove or reference this entity",
    },
    {
      "column": 1,
      "line": 88,
      "message": "Orphaned entity 'LOG_LEVEL'",
      "severity": "error",
      "suggestion": "Remove or reference this entity",
    },
    {
      "column": 1,
      "line": 90,
      "message": "Orphaned entity 'NO_COLOR'",
      "severity": "error",
      "suggestion": "Remove or reference this entity",
    },
    {
      "column": 1,
      "line": 100,
      "message": "Orphaned entity 'CONFIG_FILE'",
      "severity": "error",
      "suggestion": "Remove or reference this entity",
    },
    {
      "column": 1,
      "line": 104,
      "message": "Orphaned entity 'CACHE_DIR'",
      "severity": "error",
      "suggestion": "Remove or reference this entity",
    },
    {
      "column": 1,
      "line": 106,
      "message": "Orphaned entity 'DEFAULT_SHELL'",
      "severity": "error",
      "suggestion": "Remove or reference this entity",
    },
    {
      "column": 1,
      "line": 316,
      "message": "Orphaned entity 'TaskInfo'",
      "severity": "error",
      "suggestion": "Remove or reference this entity",
    },
    {
      "column": 1,
      "line": 332,
      "message": "Orphaned entity 'ValidationError'",
      "severity": "error",
      "suggestion": "Remove or reference this entity",
    },
    {
      "column": 1,
      "line": 341,
      "message": "Orphaned entity 'Task'",
      "severity": "error",
      "suggestion": "Remove or reference this entity",
    },
    {
      "column": 1,
      "line": 10,
      "message": "Import 'commander' not found",
      "severity": "error",
      "suggestion": undefined,
    },
    {
      "column": 1,
      "line": 10,
      "message": "Import 'chalk' not found",
      "severity": "error",
      "suggestion": undefined,
    },
    {
      "column": 1,
      "line": 10,
      "message": "Import 'ora' not found",
      "severity": "error",
      "suggestion": undefined,
    },
    {
      "column": 1,
      "line": 23,
      "message": "Import 'taskDefinitions' not found",
      "severity": "error",
      "suggestion": "Did you mean 'TaskDefinition'?",
    },
    {
      "column": 1,
      "line": 40,
      "message": "Import 'pluginLoader' not found",
      "severity": "error",
      "suggestion": "Did you mean 'PLUGIN_DIR'?",
    },
    {
      "column": 1,
      "line": 48,
      "message": "Import 'yaml' not found",
      "severity": "error",
      "suggestion": undefined,
    },
    {
      "column": 1,
      "line": 48,
      "message": "Import 'json5' not found",
      "severity": "error",
      "suggestion": undefined,
    },
    {
      "column": 1,
      "line": 48,
      "message": "Import 'cosmiconfig' not found",
      "severity": "error",
      "suggestion": "Did you mean 'loadConfig'?",
    },
    {
      "column": 1,
      "line": 52,
      "message": "Import 'ajv' not found",
      "severity": "error",
      "suggestion": undefined,
    },
    {
      "column": 1,
      "line": 61,
      "message": "Import 'winston' not found",
      "severity": "error",
      "suggestion": undefined,
    },
    {
      "column": 1,
      "line": 61,
      "message": "Import 'chalk' not found",
      "severity": "error",
      "suggestion": undefined,
    },
    {
      "column": 1,
      "line": 65,
      "message": "Import 'glob' not found",
      "severity": "error",
      "suggestion": undefined,
    },
    {
      "column": 1,
      "line": 65,
      "message": "Import 'fs' not found",
      "severity": "error",
      "suggestion": undefined,
    },
    {
      "column": 1,
      "line": 69,
      "message": "Import 'execa' not found",
      "severity": "error",
      "suggestion": undefined,
    },
    {
      "column": 1,
      "line": 69,
      "message": "Import 'crossSpawn' not found",
      "severity": "error",
      "suggestion": undefined,
    },
    {
      "column": 1,
      "line": 74,
      "message": "Import 'workerThreads' not found",
      "severity": "error",
      "suggestion": undefined,
    },
    {
      "column": 1,
      "line": 186,
      "message": "Function 'runCommand' is not exported by any file and is not a class method",
      "severity": "error",
      "suggestion": "Either add 'runCommand' to the exports of a file entity or define it as a method of a class",
    },
    {
      "column": 1,
      "line": 191,
      "message": "Function 'buildCommand' is not exported by any file and is not a class method",
      "severity": "error",
      "suggestion": "Either add 'buildCommand' to the exports of a file entity or define it as a method of a class",
    },
    {
      "column": 1,
      "line": 196,
      "message": "Function 'watchCommand' is not exported by any file and is not a class method",
      "severity": "error",
      "suggestion": "Either add 'watchCommand' to the exports of a file entity or define it as a method of a class",
    },
    {
      "column": 1,
      "line": 200,
      "message": "Function 'testCommand' is not exported by any file and is not a class method",
      "severity": "error",
      "suggestion": "Either add 'testCommand' to the exports of a file entity or define it as a method of a class",
    },
    {
      "column": 1,
      "line": 204,
      "message": "Function 'deployCommand' is not exported by any file and is not a class method",
      "severity": "error",
      "suggestion": "Either add 'deployCommand' to the exports of a file entity or define it as a method of a class",
    },
    {
      "column": 1,
      "line": 57,
      "message": "Entity 'logger' is exported by multiple files: UtilsFile, LoggerFile",
      "severity": "error",
      "suggestion": "Each entity should be exported by exactly one file. Remove the duplicate exports.",
    },
    {
      "column": 1,
      "line": 57,
      "message": "Entity 'fileUtils' is exported by multiple files: UtilsFile, FileUtilsFile",
      "severity": "error",
      "suggestion": "Each entity should be exported by exactly one file. Remove the duplicate exports.",
    },
    {
      "column": 1,
      "line": 57,
      "message": "Entity 'processUtils' is exported by multiple files: UtilsFile, ProcessUtilsFile",
      "severity": "error",
      "suggestion": "Each entity should be exported by exactly one file. Remove the duplicate exports.",
    },
    {
      "column": 1,
      "line": 182,
      "message": "Method 'command' not found on class 'cli'",
      "severity": "error",
      "suggestion": "Available methods: parse, run, showVersion, showHelp",
    },
    {
      "column": 1,
      "line": 191,
      "message": "Method 'cleanDirectory' not found on class 'fileUtils'",
      "severity": "error",
      "suggestion": "Available methods: glob, read, write, copy, remove, ensureDir",
    },
    {
      "column": 1,
      "line": 27,
      "message": "Export 'resolveDependencies' is not defined anywhere in the codebase",
      "severity": "error",
      "suggestion": "Define 'resolveDependencies' as a Function, Class, Constants, Asset, or UIComponent entity",
    },
    {
      "column": 1,
      "line": 27,
      "message": "Export 'detectCycles' is not defined anywhere in the codebase",
      "severity": "error",
      "suggestion": "Define 'detectCycles' as a Function, Class, Constants, Asset, or UIComponent entity",
    },
    {
      "column": 1,
      "line": 30,
      "message": "Export 'scheduleTask' is not defined anywhere in the codebase",
      "severity": "error",
      "suggestion": "Define 'scheduleTask' as a Function, Class, Constants, Asset, or UIComponent entity",
    },
    {
      "column": 1,
      "line": 30,
      "message": "Export 'cancelTask' is not defined anywhere in the codebase",
      "severity": "error",
      "suggestion": "Define 'cancelTask' as a Function, Class, Constants, Asset, or UIComponent entity",
    },
    {
      "column": 1,
      "line": 44,
      "message": "Export 'createContext' is not defined anywhere in the codebase",
      "severity": "error",
      "suggestion": "Define 'createContext' as a Function, Class, Constants, Asset, or UIComponent entity",
    },
    {
      "column": 1,
      "line": 44,
      "message": "Export 'exposeAPI' is not defined anywhere in the codebase",
      "severity": "error",
      "suggestion": "Define 'exposeAPI' as a Function, Class, Constants, Asset, or UIComponent entity",
    },
    {
      "column": 1,
      "line": 52,
      "message": "Export 'validateTaskSchema' is not defined anywhere in the codebase",
      "severity": "error",
      "suggestion": "Define 'validateTaskSchema' as a Function, Class, Constants, Asset, or UIComponent entity",
    },
    {
      "column": 1,
      "line": 57,
      "message": "Export 'networkUtils' is not defined anywhere in the codebase",
      "severity": "error",
      "suggestion": "Define 'networkUtils' as a Function, Class, Constants, Asset, or UIComponent entity",
    },
    {
      "column": 1,
      "line": 61,
      "message": "Export 'createLogger' is not defined anywhere in the codebase",
      "severity": "error",
      "suggestion": "Define 'createLogger' as a Function, Class, Constants, Asset, or UIComponent entity",
    },
    {
      "column": 1,
      "line": 65,
      "message": "Export 'findFiles' is not defined anywhere in the codebase",
      "severity": "error",
      "suggestion": "Define 'findFiles' as a Function, Class, Constants, Asset, or UIComponent entity",
    },
    {
      "column": 1,
      "line": 65,
      "message": "Export 'copyFiles' is not defined anywhere in the codebase",
      "severity": "error",
      "suggestion": "Define 'copyFiles' as a Function, Class, Constants, Asset, or UIComponent entity",
    },
    {
      "column": 1,
      "line": 65,
      "message": "Export 'cleanDirectory' is not defined anywhere in the codebase",
      "severity": "error",
      "suggestion": "Define 'cleanDirectory' as a Function, Class, Constants, Asset, or UIComponent entity",
    },
    {
      "column": 1,
      "line": 69,
      "message": "Export 'spawn' is not defined anywhere in the codebase",
      "severity": "error",
      "suggestion": "Define 'spawn' as a Function, Class, Constants, Asset, or UIComponent entity",
    },
    {
      "column": 1,
      "line": 69,
      "message": "Export 'exec' is not defined anywhere in the codebase",
      "severity": "error",
      "suggestion": "Define 'exec' as a Function, Class, Constants, Asset, or UIComponent entity",
    },
    {
      "column": 1,
      "line": 69,
      "message": "Export 'shell' is not defined anywhere in the codebase",
      "severity": "error",
      "suggestion": "Define 'shell' as a Function, Class, Constants, Asset, or UIComponent entity",
    },
  ],
  "file": "scenario-34-cli-tool.tmd",
  "valid": false,
}
`;
