// Vitest Snapshot v1, https://vitest.dev/guide/snapshot.html

exports[`scenario-02-orphaned-entity > should validate 02 orphaned entity 1`] = `
{
  "errors": [
    {
      "column": 1,
      "line": 9,
      "message": "Orphaned entity 'OrphanedFunction'",
      "severity": "error",
      "suggestion": "Remove or reference this entity",
    },
    {
      "column": 1,
      "line": 11,
      "message": "Orphaned entity 'OrphanedClass'",
      "severity": "error",
      "suggestion": "Remove or reference this entity",
    },
    {
      "column": 1,
      "line": 14,
      "message": "Orphaned entity 'OrphanedFile'",
      "severity": "error",
      "suggestion": "Remove or reference this entity",
    },
    {
      "column": 1,
      "line": 9,
      "message": "Function 'OrphanedFunction' is not exported by any file and is not a class method",
      "severity": "error",
      "suggestion": "Either add 'OrphanedFunction' to the exports of a file entity or define it as a method of a class",
    },
    {
      "column": 1,
      "line": 11,
      "message": "Class 'OrphanedClass' is not exported by any file",
      "severity": "error",
      "suggestion": "Add 'OrphanedClass' to the exports of a file entity",
    },
  ],
  "file": "scenario-02-orphaned-entity.tmd",
  "valid": false,
}
`;
