// Vitest Snapshot v1, https://vitest.dev/guide/snapshot.html

exports[`scenario-27-runparameter-orphaned > should detect orphaned RunParameters 1`] = `
{
  "errors": [
    {
      "column": 1,
      "line": 12,
      "message": "Orphaned entity 'UNUSED_PARAM'",
      "severity": "error",
      "suggestion": "Remove or reference this entity",
    },
    {
      "column": 1,
      "line": 13,
      "message": "Orphaned entity 'SECRET_KEY'",
      "severity": "error",
      "suggestion": "Remove or reference this entity",
    },
  ],
  "file": "scenario-27-runparameter-orphaned.tmd",
  "valid": false,
}
`;
